// Jest Snapshot v1, https://goo.gl/fbAQLP

exports[`<PromoCarousel> отображается корректно с верным количество элементов 1`] = `
<div
  class="PromoCarousel-sc-1l9778m-0 gfIHaU"
>
  <div
    class="swiper-container swiper-container-initialized swiper-container-horizontal"
  >
    <div
      class="swiper-wrapper"
      style="transition-duration: 0ms; transform: translate3d(NaNpx, 0px, 0px);"
    >
      <div
        class="swiper-slide swiper-slide-duplicate swiper-slide-duplicate-active"
        data-swiper-slide-index="0"
      >
        <div
          class="SlideContainer-sc-1l9778m-1"
        >
          <picture
            class="Picture-sc-1l9778m-3"
          >
            <source
              srcset="image-url-webp-1x 1x, image-url-webp-1x 2x"
              type="image/webp"
            />
            <img
              alt="alt-1"
              class="SlideImage-sc-1l9778m-2 jyXlEq"
              src="image-url-jpg-1x"
              srcset="image-url-jpg-2x 2x"
            />
          </picture>
        </div>
      </div>
      <div
        class="swiper-slide swiper-slide-duplicate"
        data-swiper-slide-index="1"
      >
        <div
          class="SlideContainer-sc-1l9778m-1"
        >
          <picture
            class="Picture-sc-1l9778m-3"
          >
            <source
              srcset="image-url-webp-1x 1x, image-url-webp-1x 2x"
              type="image/webp"
            />
            <img
              alt="alt-2"
              class="SlideImage-sc-1l9778m-2 jyXlEq"
              src="image-url-jpg-1x"
              srcset="image-url-jpg-2x 2x"
            />
          </picture>
        </div>
      </div>
      <div
        class="swiper-slide swiper-slide-duplicate"
        data-swiper-slide-index="2"
      >
        <div
          class="SlideContainer-sc-1l9778m-1"
        >
          <picture
            class="Picture-sc-1l9778m-3"
          >
            <source
              srcset="image-url-webp-1x 1x, image-url-webp-1x 2x"
              type="image/webp"
            />
            <img
              alt="alt-3"
              class="SlideImage-sc-1l9778m-2 jyXlEq"
              src="image-url-jpg-1x"
              srcset="image-url-jpg-2x 2x"
            />
          </picture>
        </div>
      </div>
      <div
        class="swiper-slide"
        data-swiper-slide-index="0"
      >
        <div
          class="SlideContainer-sc-1l9778m-1"
        >
          <picture
            class="Picture-sc-1l9778m-3"
          >
            <source
              srcset="image-url-webp-1x 1x, image-url-webp-1x 2x"
              type="image/webp"
            />
            <img
              alt="alt-1"
              class="SlideImage-sc-1l9778m-2 jyXlEq"
              src="image-url-jpg-1x"
              srcset="image-url-jpg-2x 2x"
            />
          </picture>
        </div>
      </div>
      <div
        class="swiper-slide"
        data-swiper-slide-index="1"
      >
        <div
          class="SlideContainer-sc-1l9778m-1"
        >
          <picture
            class="Picture-sc-1l9778m-3"
          >
            <source
              srcset="image-url-webp-1x 1x, image-url-webp-1x 2x"
              type="image/webp"
            />
            <img
              alt="alt-2"
              class="SlideImage-sc-1l9778m-2 jyXlEq"
              src="image-url-jpg-1x"
              srcset="image-url-jpg-2x 2x"
            />
          </picture>
        </div>
      </div>
      <div
        class="swiper-slide"
        data-swiper-slide-index="2"
      >
        <div
          class="SlideContainer-sc-1l9778m-1"
        >
          <picture
            class="Picture-sc-1l9778m-3"
          >
            <source
              srcset="image-url-webp-1x 1x, image-url-webp-1x 2x"
              type="image/webp"
            />
            <img
              alt="alt-3"
              class="SlideImage-sc-1l9778m-2 jyXlEq"
              src="image-url-jpg-1x"
              srcset="image-url-jpg-2x 2x"
            />
          </picture>
        </div>
      </div>
      <div
        class="swiper-slide swiper-slide-duplicate swiper-slide-duplicate-active"
        data-swiper-slide-index="0"
      >
        <div
          class="SlideContainer-sc-1l9778m-1"
        >
          <picture
            class="Picture-sc-1l9778m-3"
          >
            <source
              srcset="image-url-webp-1x 1x, image-url-webp-1x 2x"
              type="image/webp"
            />
            <img
              alt="alt-1"
              class="SlideImage-sc-1l9778m-2 jyXlEq"
              src="image-url-jpg-1x"
              srcset="image-url-jpg-2x 2x"
            />
          </picture>
        </div>
      </div>
      <div
        class="swiper-slide swiper-slide-duplicate"
        data-swiper-slide-index="1"
      >
        <div
          class="SlideContainer-sc-1l9778m-1"
        >
          <picture
            class="Picture-sc-1l9778m-3"
          >
            <source
              srcset="image-url-webp-1x 1x, image-url-webp-1x 2x"
              type="image/webp"
            />
            <img
              alt="alt-2"
              class="SlideImage-sc-1l9778m-2 jyXlEq"
              src="image-url-jpg-1x"
              srcset="image-url-jpg-2x 2x"
            />
          </picture>
        </div>
      </div>
      <div
        class="swiper-slide swiper-slide-duplicate"
        data-swiper-slide-index="2"
      >
        <div
          class="SlideContainer-sc-1l9778m-1"
        >
          <picture
            class="Picture-sc-1l9778m-3"
          >
            <source
              srcset="image-url-webp-1x 1x, image-url-webp-1x 2x"
              type="image/webp"
            />
            <img
              alt="alt-3"
              class="SlideImage-sc-1l9778m-2 jyXlEq"
              src="image-url-jpg-1x"
              srcset="image-url-jpg-2x 2x"
            />
          </picture>
        </div>
      </div>
    </div>
    <ul />
  </div>
</div>
`;
